INFO:faiss.loader:Loading faiss with AVX2 support.
INFO:faiss.loader:Could not load library with AVX2 support due to:
ModuleNotFoundError("No module named 'faiss.swigfaiss_avx2'")
INFO:faiss.loader:Loading faiss.
INFO:faiss.loader:Successfully loaded faiss.
INFO:     Started server process [19260]
INFO:     Waiting for application startup.
INFO:standards-retrieval:[Lifespan] Initializing standards-retrieval service...
INFO:standards-retrieval:[Lifespan] Loaded 6360 standards into memory.
INFO:sentence_transformers.base.model:No device provided, using cpu
INFO:httpx:HTTP Request: HEAD https://huggingface.co/intfloat/e5-base-v2/resolve/main/modules.json "HTTP/1.1 307 Temporary Redirect"
Warning: You are sending unauthenticated requests to the HF Hub. Please set a HF_TOKEN to enable higher rate limits and faster downloads.
WARNING:huggingface_hub.utils._http:Warning: You are sending unauthenticated requests to the HF Hub. Please set a HF_TOKEN to enable higher rate limits and faster downloads.
INFO:httpx:HTTP Request: HEAD https://huggingface.co/api/resolve-cache/models/intfloat/e5-base-v2/f52bf8ec8c7124536f0efb74aca902b2995e5bcd/modules.json?%2Fintfloat%2Fe5-base-v2%2Fresolve%2Fmain%2Fmodules.json=&etag=%22ac2039abdf6ff023b27c919bb9675cfe378cb10f%22 "HTTP/1.1 200 OK"
INFO:httpx:HTTP Request: HEAD https://huggingface.co/intfloat/e5-base-v2/resolve/main/config_sentence_transformers.json "HTTP/1.1 404 Not Found"
INFO:sentence_transformers.base.model:Loading SentenceTransformer model from intfloat/e5-base-v2.
INFO:httpx:HTTP Request: HEAD https://huggingface.co/intfloat/e5-base-v2/resolve/main/config_sentence_transformers.json "HTTP/1.1 404 Not Found"
INFO:httpx:HTTP Request: HEAD https://huggingface.co/intfloat/e5-base-v2/resolve/main/README.md "HTTP/1.1 307 Temporary Redirect"
INFO:httpx:HTTP Request: HEAD https://huggingface.co/api/resolve-cache/models/intfloat/e5-base-v2/f52bf8ec8c7124536f0efb74aca902b2995e5bcd/README.md?%2Fintfloat%2Fe5-base-v2%2Fresolve%2Fmain%2FREADME.md=&etag=%228129f8744fe3605534961d7585b4826052818e49%22 "HTTP/1.1 200 OK"
INFO:httpx:HTTP Request: HEAD https://huggingface.co/intfloat/e5-base-v2/resolve/main/modules.json "HTTP/1.1 307 Temporary Redirect"
INFO:httpx:HTTP Request: HEAD https://huggingface.co/api/resolve-cache/models/intfloat/e5-base-v2/f52bf8ec8c7124536f0efb74aca902b2995e5bcd/modules.json?%2Fintfloat%2Fe5-base-v2%2Fresolve%2Fmain%2Fmodules.json=&etag=%22ac2039abdf6ff023b27c919bb9675cfe378cb10f%22 "HTTP/1.1 200 OK"
INFO:httpx:HTTP Request: HEAD https://huggingface.co/intfloat/e5-base-v2/resolve/main/sentence_bert_config.json "HTTP/1.1 307 Temporary Redirect"
INFO:httpx:HTTP Request: HEAD https://huggingface.co/api/resolve-cache/models/intfloat/e5-base-v2/f52bf8ec8c7124536f0efb74aca902b2995e5bcd/sentence_bert_config.json?%2Fintfloat%2Fe5-base-v2%2Fresolve%2Fmain%2Fsentence_bert_config.json=&etag=%224eca68d85ecd3034cf4174d8a4033a75344ea62d%22 "HTTP/1.1 200 OK"
INFO:httpx:HTTP Request: HEAD https://huggingface.co/intfloat/e5-base-v2/resolve/main/adapter_config.json "HTTP/1.1 404 Not Found"
INFO:httpx:HTTP Request: HEAD https://huggingface.co/intfloat/e5-base-v2/resolve/main/config.json "HTTP/1.1 307 Temporary Redirect"
INFO:httpx:HTTP Request: HEAD https://huggingface.co/api/resolve-cache/models/intfloat/e5-base-v2/f52bf8ec8c7124536f0efb74aca902b2995e5bcd/config.json?%2Fintfloat%2Fe5-base-v2%2Fresolve%2Fmain%2Fconfig.json=&etag=%2224b4776266ab6abf7a9d6672f42b77f06ef77b87%22 "HTTP/1.1 200 OK"
[DenseRetrieval] Loading embedding model 'intfloat/e5-base-v2'...
Loading weights:   0%|          | 0/199 [00:00<?, ?it/s]Loading weights:  14%|█▍        | 28/199 [00:00<00:00, 247.88it/s]Loading weights:  36%|███▌      | 71/199 [00:00<00:00, 335.73it/s]Loading weights: 100%|██████████| 199/199 [00:00<00:00, 874.54it/s]
INFO:httpx:HTTP Request: HEAD https://huggingface.co/intfloat/e5-base-v2/resolve/main/processor_config.json "HTTP/1.1 404 Not Found"
INFO:httpx:HTTP Request: HEAD https://huggingface.co/intfloat/e5-base-v2/resolve/main/preprocessor_config.json "HTTP/1.1 404 Not Found"
INFO:httpx:HTTP Request: HEAD https://huggingface.co/intfloat/e5-base-v2/resolve/main/video_preprocessor_config.json "HTTP/1.1 404 Not Found"
INFO:httpx:HTTP Request: HEAD https://huggingface.co/intfloat/e5-base-v2/resolve/main/preprocessor_config.json "HTTP/1.1 404 Not Found"
INFO:httpx:HTTP Request: HEAD https://huggingface.co/intfloat/e5-base-v2/resolve/main/tokenizer_config.json "HTTP/1.1 307 Temporary Redirect"
INFO:httpx:HTTP Request: HEAD https://huggingface.co/api/resolve-cache/models/intfloat/e5-base-v2/f52bf8ec8c7124536f0efb74aca902b2995e5bcd/tokenizer_config.json?%2Fintfloat%2Fe5-base-v2%2Fresolve%2Fmain%2Ftokenizer_config.json=&etag=%228046d4d4aff4529a10e0ad47043bdabd6304fb58%22 "HTTP/1.1 200 OK"
INFO:httpx:HTTP Request: HEAD https://huggingface.co/intfloat/e5-base-v2/resolve/main/config.json "HTTP/1.1 307 Temporary Redirect"
INFO:httpx:HTTP Request: HEAD https://huggingface.co/api/resolve-cache/models/intfloat/e5-base-v2/f52bf8ec8c7124536f0efb74aca902b2995e5bcd/config.json?%2Fintfloat%2Fe5-base-v2%2Fresolve%2Fmain%2Fconfig.json=&etag=%2224b4776266ab6abf7a9d6672f42b77f06ef77b87%22 "HTTP/1.1 200 OK"
INFO:httpx:HTTP Request: HEAD https://huggingface.co/intfloat/e5-base-v2/resolve/main/config.json "HTTP/1.1 307 Temporary Redirect"
INFO:httpx:HTTP Request: HEAD https://huggingface.co/api/resolve-cache/models/intfloat/e5-base-v2/f52bf8ec8c7124536f0efb74aca902b2995e5bcd/config.json?%2Fintfloat%2Fe5-base-v2%2Fresolve%2Fmain%2Fconfig.json=&etag=%2224b4776266ab6abf7a9d6672f42b77f06ef77b87%22 "HTTP/1.1 200 OK"
INFO:httpx:HTTP Request: HEAD https://huggingface.co/intfloat/e5-base-v2/resolve/main/tokenizer_config.json "HTTP/1.1 307 Temporary Redirect"
INFO:httpx:HTTP Request: HEAD https://huggingface.co/api/resolve-cache/models/intfloat/e5-base-v2/f52bf8ec8c7124536f0efb74aca902b2995e5bcd/tokenizer_config.json?%2Fintfloat%2Fe5-base-v2%2Fresolve%2Fmain%2Ftokenizer_config.json=&etag=%228046d4d4aff4529a10e0ad47043bdabd6304fb58%22 "HTTP/1.1 200 OK"
INFO:httpx:HTTP Request: GET https://huggingface.co/api/models/intfloat/e5-base-v2/tree/main/additional_chat_templates?recursive=false&expand=false "HTTP/1.1 404 Not Found"
INFO:httpx:HTTP Request: GET https://huggingface.co/api/models/intfloat/e5-base-v2/tree/main?recursive=true&expand=false "HTTP/1.1 200 OK"
INFO:httpx:HTTP Request: HEAD https://huggingface.co/intfloat/e5-base-v2/resolve/main/1_Pooling/config.json "HTTP/1.1 307 Temporary Redirect"
INFO:httpx:HTTP Request: HEAD https://huggingface.co/api/resolve-cache/models/intfloat/e5-base-v2/f52bf8ec8c7124536f0efb74aca902b2995e5bcd/1_Pooling%2Fconfig.json?%2Fintfloat%2Fe5-base-v2%2Fresolve%2Fmain%2F1_Pooling%2Fconfig.json=&etag=%222a824fa43c359360ecddb16808b539c6be892fef%22 "HTTP/1.1 200 OK"
INFO:httpx:HTTP Request: HEAD https://huggingface.co/intfloat/e5-base-v2/resolve/main/2_Normalize/config.json "HTTP/1.1 404 Not Found"
INFO:httpx:HTTP Request: GET https://huggingface.co/api/models/intfloat/e5-base-v2 "HTTP/1.1 200 OK"
INFO:standards-retrieval:[Lifespan] FAISS index loaded (6360 vectors).
INFO:standards-retrieval:[Lifespan] BM25 index loaded.
INFO:sentence_transformers.base.model:No device provided, using cpu
INFO:httpx:HTTP Request: HEAD https://huggingface.co/cross-encoder/ms-marco-MiniLM-L-6-v2/resolve/main/modules.json "HTTP/1.1 307 Temporary Redirect"
INFO:httpx:HTTP Request: HEAD https://huggingface.co/cross-encoder/ms-marco-MiniLM-L6-v2/resolve/main/modules.json "HTTP/1.1 404 Not Found"
INFO:sentence_transformers.base.model:No modules.json found for cross-encoder/ms-marco-MiniLM-L-6-v2, initializing a new CrossEncoder model.
INFO:httpx:HTTP Request: GET https://huggingface.co/api/models/cross-encoder/ms-marco-MiniLM-L-6-v2 "HTTP/1.1 307 Temporary Redirect"
INFO:httpx:HTTP Request: GET https://huggingface.co/api/models/cross-encoder/ms-marco-MiniLM-L6-v2 "HTTP/1.1 200 OK"
INFO:httpx:HTTP Request: HEAD https://huggingface.co/cross-encoder/ms-marco-MiniLM-L-6-v2/resolve/main/config.json "HTTP/1.1 307 Temporary Redirect"
INFO:httpx:HTTP Request: HEAD https://huggingface.co/cross-encoder/ms-marco-MiniLM-L6-v2/resolve/main/config.json "HTTP/1.1 307 Temporary Redirect"
INFO:httpx:HTTP Request: HEAD https://huggingface.co/api/resolve-cache/models/cross-encoder/ms-marco-MiniLM-L6-v2/233902d25c440f23af6f7d6e94d2946bac0bee0a/config.json?%2Fcross-encoder%2Fms-marco-MiniLM-L6-v2%2Fresolve%2Fmain%2Fconfig.json=&etag=%2288bc4f74b33a2073abc9a66cb532b889448ac3ed%22 "HTTP/1.1 200 OK"
INFO:httpx:HTTP Request: HEAD https://huggingface.co/cross-encoder/ms-marco-MiniLM-L-6-v2/resolve/main/adapter_config.json "HTTP/1.1 307 Temporary Redirect"
INFO:httpx:HTTP Request: HEAD https://huggingface.co/cross-encoder/ms-marco-MiniLM-L6-v2/resolve/main/adapter_config.json "HTTP/1.1 404 Not Found"
INFO:httpx:HTTP Request: HEAD https://huggingface.co/cross-encoder/ms-marco-MiniLM-L-6-v2/resolve/main/config.json "HTTP/1.1 307 Temporary Redirect"
INFO:httpx:HTTP Request: HEAD https://huggingface.co/cross-encoder/ms-marco-MiniLM-L6-v2/resolve/main/config.json "HTTP/1.1 307 Temporary Redirect"
INFO:httpx:HTTP Request: HEAD https://huggingface.co/api/resolve-cache/models/cross-encoder/ms-marco-MiniLM-L6-v2/233902d25c440f23af6f7d6e94d2946bac0bee0a/config.json?%2Fcross-encoder%2Fms-marco-MiniLM-L6-v2%2Fresolve%2Fmain%2Fconfig.json=&etag=%2288bc4f74b33a2073abc9a66cb532b889448ac3ed%22 "HTTP/1.1 200 OK"
[ReRanking] Loading cross-encoder model 'cross-encoder/ms-marco-MiniLM-L-6-v2'...
Loading weights:   0%|          | 0/105 [00:00<?, ?it/s]Loading weights: 100%|██████████| 105/105 [00:00<00:00, 4690.87it/s]
INFO:httpx:HTTP Request: HEAD https://huggingface.co/cross-encoder/ms-marco-MiniLM-L-6-v2/resolve/main/processor_config.json "HTTP/1.1 307 Temporary Redirect"
INFO:httpx:HTTP Request: HEAD https://huggingface.co/cross-encoder/ms-marco-MiniLM-L6-v2/resolve/main/processor_config.json "HTTP/1.1 404 Not Found"
INFO:httpx:HTTP Request: HEAD https://huggingface.co/cross-encoder/ms-marco-MiniLM-L-6-v2/resolve/main/preprocessor_config.json "HTTP/1.1 307 Temporary Redirect"
INFO:httpx:HTTP Request: HEAD https://huggingface.co/cross-encoder/ms-marco-MiniLM-L6-v2/resolve/main/preprocessor_config.json "HTTP/1.1 404 Not Found"
INFO:httpx:HTTP Request: HEAD https://huggingface.co/cross-encoder/ms-marco-MiniLM-L-6-v2/resolve/main/video_preprocessor_config.json "HTTP/1.1 307 Temporary Redirect"
INFO:httpx:HTTP Request: HEAD https://huggingface.co/cross-encoder/ms-marco-MiniLM-L6-v2/resolve/main/video_preprocessor_config.json "HTTP/1.1 404 Not Found"
INFO:httpx:HTTP Request: HEAD https://huggingface.co/cross-encoder/ms-marco-MiniLM-L-6-v2/resolve/main/preprocessor_config.json "HTTP/1.1 307 Temporary Redirect"
INFO:httpx:HTTP Request: HEAD https://huggingface.co/cross-encoder/ms-marco-MiniLM-L6-v2/resolve/main/preprocessor_config.json "HTTP/1.1 404 Not Found"
INFO:httpx:HTTP Request: HEAD https://huggingface.co/cross-encoder/ms-marco-MiniLM-L-6-v2/resolve/main/tokenizer_config.json "HTTP/1.1 307 Temporary Redirect"
INFO:httpx:HTTP Request: HEAD https://huggingface.co/cross-encoder/ms-marco-MiniLM-L6-v2/resolve/main/tokenizer_config.json "HTTP/1.1 307 Temporary Redirect"
INFO:httpx:HTTP Request: HEAD https://huggingface.co/api/resolve-cache/models/cross-encoder/ms-marco-MiniLM-L6-v2/233902d25c440f23af6f7d6e94d2946bac0bee0a/tokenizer_config.json?%2Fcross-encoder%2Fms-marco-MiniLM-L6-v2%2Fresolve%2Fmain%2Ftokenizer_config.json=&etag=%22a2435fedfac32b9ad70f052d4f84007730cd3109%22 "HTTP/1.1 200 OK"
INFO:httpx:HTTP Request: HEAD https://huggingface.co/cross-encoder/ms-marco-MiniLM-L-6-v2/resolve/main/config.json "HTTP/1.1 307 Temporary Redirect"
INFO:httpx:HTTP Request: HEAD https://huggingface.co/cross-encoder/ms-marco-MiniLM-L6-v2/resolve/main/config.json "HTTP/1.1 307 Temporary Redirect"
INFO:httpx:HTTP Request: HEAD https://huggingface.co/api/resolve-cache/models/cross-encoder/ms-marco-MiniLM-L6-v2/233902d25c440f23af6f7d6e94d2946bac0bee0a/config.json?%2Fcross-encoder%2Fms-marco-MiniLM-L6-v2%2Fresolve%2Fmain%2Fconfig.json=&etag=%2288bc4f74b33a2073abc9a66cb532b889448ac3ed%22 "HTTP/1.1 200 OK"
INFO:httpx:HTTP Request: HEAD https://huggingface.co/cross-encoder/ms-marco-MiniLM-L-6-v2/resolve/main/config.json "HTTP/1.1 307 Temporary Redirect"
INFO:httpx:HTTP Request: HEAD https://huggingface.co/cross-encoder/ms-marco-MiniLM-L6-v2/resolve/main/config.json "HTTP/1.1 307 Temporary Redirect"
INFO:httpx:HTTP Request: HEAD https://huggingface.co/api/resolve-cache/models/cross-encoder/ms-marco-MiniLM-L6-v2/233902d25c440f23af6f7d6e94d2946bac0bee0a/config.json?%2Fcross-encoder%2Fms-marco-MiniLM-L6-v2%2Fresolve%2Fmain%2Fconfig.json=&etag=%2288bc4f74b33a2073abc9a66cb532b889448ac3ed%22 "HTTP/1.1 200 OK"
INFO:httpx:HTTP Request: HEAD https://huggingface.co/cross-encoder/ms-marco-MiniLM-L-6-v2/resolve/main/tokenizer_config.json "HTTP/1.1 307 Temporary Redirect"
INFO:httpx:HTTP Request: HEAD https://huggingface.co/cross-encoder/ms-marco-MiniLM-L6-v2/resolve/main/tokenizer_config.json "HTTP/1.1 307 Temporary Redirect"
INFO:httpx:HTTP Request: HEAD https://huggingface.co/api/resolve-cache/models/cross-encoder/ms-marco-MiniLM-L6-v2/233902d25c440f23af6f7d6e94d2946bac0bee0a/tokenizer_config.json?%2Fcross-encoder%2Fms-marco-MiniLM-L6-v2%2Fresolve%2Fmain%2Ftokenizer_config.json=&etag=%22a2435fedfac32b9ad70f052d4f84007730cd3109%22 "HTTP/1.1 200 OK"
INFO:httpx:HTTP Request: GET https://huggingface.co/api/models/cross-encoder/ms-marco-MiniLM-L-6-v2/tree/main/additional_chat_templates?recursive=false&expand=false "HTTP/1.1 307 Temporary Redirect"
INFO:httpx:HTTP Request: GET https://huggingface.co/api/models/cross-encoder/ms-marco-MiniLM-L6-v2/tree/main/additional_chat_templates?recursive=false&expand=false "HTTP/1.1 404 Not Found"
INFO:httpx:HTTP Request: GET https://huggingface.co/api/models/cross-encoder/ms-marco-MiniLM-L-6-v2/tree/main?recursive=true&expand=false "HTTP/1.1 307 Temporary Redirect"
INFO:httpx:HTTP Request: GET https://huggingface.co/api/models/cross-encoder/ms-marco-MiniLM-L6-v2/tree/main?recursive=true&expand=false "HTTP/1.1 200 OK"
INFO:standards-retrieval:[Lifespan] Cross-Encoder model loaded.
WARNING:standards-retrieval:[Lifespan] LTR model not found at 'C:\Users\Yugesh\Documents\AI_comp\ai-compliance\standards-retrieval\models\standards_corpus_full\ltr_model.txt'. Relying on fallback_score().
INFO:     Application startup complete.
INFO:     Uvicorn running on http://127.0.0.1:8000 (Press CTRL+C to quit)
INFO:     127.0.0.1:51058 - "GET /health HTTP/1.1" 200 OK
INFO:     127.0.0.1:51059 - "GET /health HTTP/1.1" 200 OK
INFO:     127.0.0.1:61436 - "GET /health HTTP/1.1" 200 OK
INFO:     127.0.0.1:61438 - "GET /health HTTP/1.1" 200 OK
INFO:     127.0.0.1:61910 - "GET /languages HTTP/1.1" 200 OK
INFO:     127.0.0.1:64323 - "GET /health HTTP/1.1" 200 OK
INFO:     127.0.0.1:50262 - "GET /languages HTTP/1.1" 200 OK
INFO:     127.0.0.1:63920 - "GET /health HTTP/1.1" 200 OK
INFO:     127.0.0.1:61688 - "GET /languages HTTP/1.1" 200 OK
INFO:     127.0.0.1:63867 - "GET /health HTTP/1.1" 200 OK
INFO:     127.0.0.1:63867 - "OPTIONS /retrieve HTTP/1.1" 200 OK
INFO:     127.0.0.1:61688 - "POST /retrieve HTTP/1.1" 200 OK
INFO:     127.0.0.1:50792 - "GET /languages HTTP/1.1" 200 OK
INFO:     127.0.0.1:51193 - "GET /health HTTP/1.1" 200 OK
INFO:     127.0.0.1:51193 - "POST /retrieve HTTP/1.1" 200 OK
